
[+] [1] artifacts/dir_3/1KB_1
[+] [2] artifacts/dir_3/1KB_1.copy.1
[+] [3] artifacts/dir_3/1KB_1.copy.2
[+] [4] artifacts/dir_3/1KB_1.copy.3

Specify comma or dash separated values for files to keep (ex: 1,2,3-4). [n]one, [a]ll.
>>> 
    [+] [1] artifacts/dir_3/1KB_1
    [-] [2] artifacts/dir_3/1KB_1.copy.1
    [-] [3] artifacts/dir_3/1KB_1.copy.2
    [-] [4] artifacts/dir_3/1KB_1.copy.3


[+] [1] artifacts/dir_3/1KB_2
[+] [2] artifacts/dir_3/1KB_2.copy.1
[+] [3] artifacts/dir_3/1KB_2.copy.2
[+] [4] artifacts/dir_3/1KB_2.copy.3

Specify comma or dash separated values for files to keep (ex: 1,2,3-4). [n]one, [a]ll.
>>> 
    [+] [1] artifacts/dir_3/1KB_2
    [-] [2] artifacts/dir_3/1KB_2.copy.1
    [-] [3] artifacts/dir_3/1KB_2.copy.2
    [-] [4] artifacts/dir_3/1KB_2.copy.3


[+] [1] artifacts/dir_3/3KB_1
[+] [2] artifacts/dir_3/3KB_1.copy.1
[+] [3] artifacts/dir_3/3KB_1.copy.2
[+] [4] artifacts/dir_3/3KB_1.copy.3

Specify comma or dash separated values for files to keep (ex: 1,2,3-4). [n]one, [a]ll.
>>> 
    [+] [1] artifacts/dir_3/3KB_1
    [-] [2] artifacts/dir_3/3KB_1.copy.1
    [-] [3] artifacts/dir_3/3KB_1.copy.2
    [-] [4] artifacts/dir_3/3KB_1.copy.3


[+] [1] artifacts/dir_3/4KB_1
[+] [2] artifacts/dir_3/4KB_1.copy.1
[+] [3] artifacts/dir_3/4KB_1.copy.2
[+] [4] artifacts/dir_3/4KB_1.copy.3
[+] [5] artifacts/dir_3/4KB_1.copy.4
[+] [6] artifacts/dir_3/4KB_1.copy.5

Specify comma or dash separated values for files to keep (ex: 1,2,3-4). [n]one, [a]ll.
>>> 
    [+] [1] artifacts/dir_3/4KB_1
    [-] [2] artifacts/dir_3/4KB_1.copy.1
    [-] [3] artifacts/dir_3/4KB_1.copy.2
    [-] [4] artifacts/dir_3/4KB_1.copy.3
    [-] [5] artifacts/dir_3/4KB_1.copy.4
    [-] [6] artifacts/dir_3/4KB_1.copy.5


