[+] [1] artifacts/dir_3/1KB_1.copy.2
[+] [2] artifacts/dir_3/1KB_1.copy.1
[+] [3] artifacts/dir_3/1KB_1.copy.3
[+] [4] artifacts/dir_3/1KB_1
[+] [5] artifacts/dir_3/1KB_2
[+] [6] artifacts/dir_3/1KB_2.copy.3
[+] [7] artifacts/dir_3/1KB_2.copy.2
[+] [8] artifacts/dir_3/1KB_2.copy.1
[+] [9] artifacts/dir_3/3KB_1.copy.2
[+] [10] artifacts/dir_3/3KB_1.copy.1
[+] [11] artifacts/dir_3/3KB_1
[+] [12] artifacts/dir_3/3KB_1.copy.3
[+] [13] artifacts/dir_3/4KB_1.copy.3
[+] [14] artifacts/dir_3/4KB_1.copy.2
[+] [15] artifacts/dir_3/4KB_1
[+] [16] artifacts/dir_3/4KB_1.copy.1
[+] [17] artifacts/dir_3/4KB_1.copy.4
[+] [18] artifacts/dir_3/4KB_1.copy.5
